// Jest Snapshot v1, https://goo.gl/fbAQLP

exports[`ColumnTwo should render the ColumnTwo Component correctly 1`] = `
<div
  className="col-xs-12 col-sm-12 col-md-2 col-lg-2 col-xl-2 bordered custom-full-height-4"
  id="officerColumn3"
>
  <div
    className="p-1"
  >
    <h1
      className="mt-3 mb-4"
    >
      Search for a Competency
    </h1>
    <div
      className="row col-12 p-0"
    >
      <div
        className="col-10"
        id="officerBucketsList"
      >
        <input
          aria-describedby="basic-addon1"
          aria-label="Search"
          autoComplete="off"
          className="form-control mb-4 custom-search-5"
          id="competencySearch"
          onKeyUp={[Function]}
          placeholder="Search..."
          style={
            Object {
              "width": "110%",
            }
          }
          type="text"
        />
      </div>
      <div
        className="col-2"
      />
    </div>
    <div
      className="pointer-style"
      data-target="#newFilterModal"
      data-toggle="modal"
      onClick={[Function]}
    >
      <p
        className="filter-1"
      >
        Filter
      </p>
    </div>
    <div
      aria-hidden="true"
      aria-labelledby="newFilterModalTitle"
      className="modal fade fadeInUp"
      id="newFilterModal"
      role="dialog"
      tabIndex="-1"
    >
      <div
        className="modal-dialog modal-dialog-centered modal-lg"
        role="document"
      >
        <div
          className="modal-content"
        >
          <div
            className="row ml-0 w-100"
          >
            <div
              className="col-xs-12 col-sm-12 col-md-4 col-lg-4 col-xl-4 pt-2"
            >
              <div
                className="modal-header"
              >
                <h5
                  className="modal-title"
                  id="newFilterModalLongTitle"
                >
                  Filter by
                </h5>
              </div>
              <div
                className="pl-3 pt-3"
              >
                <h4
                  className="pointer-style bb-1 list-selection-5 "
                  onClick={[Function]}
                >
                  Area
                </h4>
                <h4
                  className="pointer-style bb-1 list-selection-5 "
                  onClick={[Function]}
                >
                  Competency type
                </h4>
              </div>
              <div
                className="modal-body remove-scroll-x"
              />
            </div>
            <div
              className="col-xs-12 col-sm-12 col-md-8 col-lg-8 col-xl-8 custom-content-background pt-2"
            >
              <div
                className="modal-body remove-scroll-x pt-0"
              />
            </div>
          </div>
          <div
            className="modal-footer"
          >
            <div
              className="row"
            >
              <button
                className="btn save-button mr-2"
                data-dismiss="modal"
                type="button"
              >
                Close
              </button>
              <button
                className="btn save-button mr-2 custom-primary-button-disabled"
                disabled={true}
                type="button"
              >
                Apply
              </button>
            </div>
          </div>
        </div>
      </div>
    </div>
    <div
      className="custom-div-size-1"
    >
      <div
        id="competencyList"
      />
      <div
        className=""
        id="new"
      />
    </div>
  </div>
  <button
    className="btn save-button p-3 push-bottom-3"
    onClick={[Function]}
    type="button"
  >
    New Competency
  </button>
</div>
`;
